Using device: cpu

=== GCN — نتیجه روی 15 seed ===
 seed    AUC  PR-AUC     F1  Precision  Recall    MCC  threshold
   42 0.8308  0.3217 0.4339     0.3558  0.5559 0.3966       0.67
    1 0.8350  0.3308 0.4217     0.3272  0.5928 0.3886       0.71
    7 0.8349  0.3435 0.4598     0.4043  0.5328 0.4213       0.78
  123 0.8294  0.2888 0.4206     0.3350  0.5651 0.3843       0.68
 2024 0.8361  0.3845 0.4600     0.3981  0.5448 0.4222       0.69
    2 0.8348  0.3387 0.4324     0.3461  0.5762 0.3972       0.70
    3 0.8414  0.3849 0.4724     0.3985  0.5799 0.4372       0.70
    4 0.8354  0.3408 0.4511     0.3746  0.5669 0.4149       0.78
    5 0.8246  0.2709 0.3985     0.2974  0.6039 0.3676       0.71
    6 0.8429  0.3229 0.4296     0.3387  0.5873 0.3957       0.76
    8 0.8445  0.3871 0.4971     0.4496  0.5559 0.4612       0.79
    9 0.8390  0.3476 0.4353     0.3604  0.5494 0.3974       0.69
   10 0.8327  0.3297 0.4255     0.3480  0.5476 0.3875       0.63
   11 0.8281  0.2776 0.4288     0.3483  0.5577 0.3917       0.70
   12 0.8312  0.3032 0.4150     0.3295  0.5605 0.3783       0.70

میانگین ± انحراف معیار:
AUC         : 0.8347 ± 0.0056
PR-AUC      : 0.3315 ± 0.0365
F1          : 0.4388 ± 0.0251
Precision   : 0.3608 ± 0.0384
Recall      : 0.5651 ± 0.0196
MCC         : 0.4028 ± 0.0244
threshold   : 0.7127 ± 0.0453

======================================================================
مقایسه‌ی آماری: GCN در برابر GraphSAGE (۱۵ seed)
======================================================================

--- GraphSAGE (AUC) در برابر GCN (AUC) ---
میانگین GraphSAGE (AUC): 0.8820   میانگین GCN (AUC): 0.8347
میانگین تفاوت: 0.0473   t = 19.784   p = 0.0000
تفاوت از نظر آماری معنادار است، p کمتر از 0.05.

--- GraphSAGE (PR-AUC) در برابر GCN (PR-AUC) ---
میانگین GraphSAGE (PR-AUC): 0.4677   میانگین GCN (PR-AUC): 0.3315
میانگین تفاوت: 0.1362   t = 8.893   p = 0.0000
تفاوت از نظر آماری معنادار است، p کمتر از 0.05.

--- GraphSAGE (F1) در برابر GCN (F1) ---
میانگین GraphSAGE (F1): 0.5245   میانگین GCN (F1): 0.4388
میانگین تفاوت: 0.0857   t = 7.565   p = 0.0000
تفاوت از نظر آماری معنادار است، p کمتر از 0.05.

--- GraphSAGE (Precision) در برابر GCN (Precision) ---
میانگین GraphSAGE (Precision): 0.5002   میانگین GCN (Precision): 0.3608
میانگین تفاوت: 0.1395   t = 6.784   p = 0.0000
تفاوت از نظر آماری معنادار است، p کمتر از 0.05.

--- GraphSAGE (Recall) در برابر GCN (Recall) ---
میانگین GraphSAGE (Recall): 0.5604   میانگین GCN (Recall): 0.5651
میانگین تفاوت: -0.0047   t = -0.309   p = 0.7618
تفاوت از نظر آماری معنادار نیست، ممکنه فقط نویز seed باشه.

--- GraphSAGE (MCC) در برابر GCN (MCC) ---
میانگین GraphSAGE (MCC): 0.4924   میانگین GCN (MCC): 0.4028
میانگین تفاوت: 0.0896   t = 7.529   p = 0.0000
تفاوت از نظر آماری معنادار است، p کمتر از 0.05.

=== GAT — نتیجه روی 15 seed ===
 seed    AUC  PR-AUC     F1  Precision  Recall    MCC  threshold
   42 0.8753  0.4768 0.5208     0.4816  0.5669 0.4864       0.90
    1 0.8781  0.5036 0.5174     0.4799  0.5614 0.4828       0.92
    7 0.8734  0.5611 0.5425     0.5314  0.5540 0.5101       0.92
  123 0.8676  0.4812 0.4956     0.4565  0.5420 0.4592       0.89
 2024 0.8756  0.4914 0.5245     0.4979  0.5540 0.4903       0.95
    2 0.8664  0.5216 0.5256     0.5213  0.5300 0.4924       0.91
    3 0.8756  0.4539 0.5020     0.4487  0.5697 0.4668       0.92
    4 0.8826  0.5534 0.5526     0.5521  0.5531 0.5215       0.92
    5 0.8695  0.4826 0.5147     0.5610  0.4755 0.4859       0.93
    6 0.8848  0.5531 0.5481     0.5226  0.5762 0.5158       0.94
    8 0.8655  0.3926 0.4692     0.4083  0.5512 0.4320       0.93
    9 0.8766  0.4945 0.5209     0.4975  0.5466 0.4865       0.93
   10 0.8665  0.4402 0.5117     0.4733  0.5568 0.4766       0.94
   11 0.8805  0.5075 0.5509     0.5233  0.5817 0.5188       0.93
   12 0.8774  0.4725 0.5147     0.5716  0.4681 0.4873       0.95

میانگین ± انحراف معیار:
AUC         : 0.8744 ± 0.0061
PR-AUC      : 0.4924 ± 0.0450
F1          : 0.5207 ± 0.0224
Precision   : 0.5018 ± 0.0450
Recall      : 0.5458 ± 0.0328
MCC         : 0.4875 ± 0.0238
threshold   : 0.9253 ± 0.0168

======================================================================
مقایسه‌ی آماری: GAT در برابر GraphSAGE (۱۵ seed)
======================================================================

--- GraphSAGE (AUC) در برابر GAT (AUC) ---
میانگین GraphSAGE (AUC): 0.8820   میانگین GAT (AUC): 0.8744
میانگین تفاوت: 0.0077   t = 3.370   p = 0.0046
تفاوت از نظر آماری معنادار است، p کمتر از 0.05.

--- GraphSAGE (PR-AUC) در برابر GAT (PR-AUC) ---
میانگین GraphSAGE (PR-AUC): 0.4677   میانگین GAT (PR-AUC): 0.4924
میانگین تفاوت: -0.0247   t = -1.230   p = 0.2388
تفاوت از نظر آماری معنادار نیست، ممکنه فقط نویز seed باشه.

--- GraphSAGE (F1) در برابر GAT (F1) ---
میانگین GraphSAGE (F1): 0.5245   میانگین GAT (F1): 0.5207
میانگین تفاوت: 0.0038   t = 0.303   p = 0.7665
تفاوت از نظر آماری معنادار نیست، ممکنه فقط نویز seed باشه.

--- GraphSAGE (Precision) در برابر GAT (Precision) ---
میانگین GraphSAGE (Precision): 0.5002   میانگین GAT (Precision): 0.5018
میانگین تفاوت: -0.0016   t = -0.078   p = 0.9386
تفاوت از نظر آماری معنادار نیست، ممکنه فقط نویز seed باشه.

--- GraphSAGE (Recall) در برابر GAT (Recall) ---
میانگین GraphSAGE (Recall): 0.5604   میانگین GAT (Recall): 0.5458
میانگین تفاوت: 0.0145   t = 0.895   p = 0.3860
تفاوت از نظر آماری معنادار نیست، ممکنه فقط نویز seed باشه.

--- GraphSAGE (MCC) در برابر GAT (MCC) ---
میانگین GraphSAGE (MCC): 0.4924   میانگین GAT (MCC): 0.4875
میانگین تفاوت: 0.0049   t = 0.376   p = 0.7126
تفاوت از نظر آماری معنادار نیست، ممکنه فقط نویز seed باشه.

=== Skip-GCN — نتیجه روی 15 seed ===
 seed    AUC  PR-AUC     F1  Precision  Recall    MCC  threshold
   42 0.8538  0.2845 0.3887     0.2773  0.6500 0.3651       0.81
    1 0.8511  0.2840 0.4259     0.3274  0.6094 0.3949       0.81
    7 0.8509  0.2888 0.3927     0.2809  0.6519 0.3692       0.79
  123 0.8490  0.2513 0.3712     0.2554  0.6796 0.3532       0.73
 2024 0.8441  0.2765 0.3807     0.2663  0.6676 0.3603       0.83
    2 0.8517  0.2853 0.3635     0.2472  0.6870 0.3470       0.71
    3 0.8561  0.2969 0.3779     0.2624  0.6750 0.3588       0.81
    4 0.8572  0.3011 0.4172     0.3034  0.6676 0.3951       0.79
    5 0.8420  0.2582 0.3667     0.2564  0.6436 0.3429       0.81
    6 0.8615  0.2876 0.3826     0.2606  0.7193 0.3711       0.74
    8 0.8459  0.2730 0.3875     0.2762  0.6491 0.3638       0.82
    9 0.8576  0.3085 0.4353     0.3423  0.5974 0.4024       0.75
   10 0.8475  0.2661 0.3372     0.2199  0.7230 0.3276       0.71
   11 0.8557  0.2896 0.4032     0.2984  0.6214 0.3747       0.80
   12 0.8488  0.2554 0.3957     0.2894  0.6251 0.3679       0.81

میانگین ± انحراف معیار:
AUC         : 0.8515 ± 0.0055
PR-AUC      : 0.2805 ± 0.0169
F1          : 0.3884 ± 0.0253
Precision   : 0.2776 ± 0.0314
Recall      : 0.6578 ± 0.0364
MCC         : 0.3663 ± 0.0203
threshold   : 0.7813 ± 0.0414

======================================================================
مقایسه‌ی آماری: Skip-GCN در برابر GraphSAGE (۱۵ seed)
======================================================================

--- GraphSAGE (AUC) در برابر Skip-GCN (AUC) ---
میانگین GraphSAGE (AUC): 0.8820   میانگین Skip-GCN (AUC): 0.8515
میانگین تفاوت: 0.0305   t = 12.054   p = 0.0000
تفاوت از نظر آماری معنادار است، p کمتر از 0.05.

--- GraphSAGE (PR-AUC) در برابر Skip-GCN (PR-AUC) ---
میانگین GraphSAGE (PR-AUC): 0.4677   میانگین Skip-GCN (PR-AUC): 0.2805
میانگین تفاوت: 0.1872   t = 13.877   p = 0.0000
تفاوت از نظر آماری معنادار است، p کمتر از 0.05.

--- GraphSAGE (F1) در برابر Skip-GCN (F1) ---
میانگین GraphSAGE (F1): 0.5245   میانگین Skip-GCN (F1): 0.3884
میانگین تفاوت: 0.1361   t = 15.366   p = 0.0000
تفاوت از نظر آماری معنادار است، p کمتر از 0.05.

--- GraphSAGE (Precision) در برابر Skip-GCN (Precision) ---
میانگین GraphSAGE (Precision): 0.5002   میانگین Skip-GCN (Precision): 0.2776
میانگین تفاوت: 0.2227   t = 13.973   p = 0.0000
تفاوت از نظر آماری معنادار است، p کمتر از 0.05.

--- GraphSAGE (Recall) در برابر Skip-GCN (Recall) ---
میانگین GraphSAGE (Recall): 0.5604   میانگین Skip-GCN (Recall): 0.6578
میانگین تفاوت: -0.0974   t = -5.436   p = 0.0001
تفاوت از نظر آماری معنادار است، p کمتر از 0.05.

--- GraphSAGE (MCC) در برابر Skip-GCN (MCC) ---
میانگین GraphSAGE (MCC): 0.4924   میانگین Skip-GCN (MCC): 0.3663
میانگین تفاوت: 0.1262   t = 12.683   p = 0.0000
تفاوت از نظر آماری معنادار است، p کمتر از 0.05.

=== FiLM+global — نتیجه روی 15 seed ===
 seed    AUC  PR-AUC     F1  Precision  Recall    MCC  threshold
   42 0.8890  0.5446 0.4453     0.3247  0.7082 0.4282       0.06
    1 0.8896  0.5560 0.4525     0.3320  0.7101 0.4353       0.05
    7 0.8760  0.5211 0.4413     0.3220  0.7008 0.4232       0.57
  123 0.8888  0.6125 0.6252     0.6545  0.5983 0.6011       0.15
 2024 0.8854  0.5313 0.4952     0.3854  0.6925 0.4727       0.39
    2 0.8801  0.5271 0.4144     0.2901  0.7248 0.4021       0.12
    3 0.8909  0.4878 0.4425     0.3127  0.7562 0.4340       0.05
    4 0.9071  0.6059 0.5553     0.4745  0.6694 0.5278       0.05
    5 0.8768  0.5192 0.4556     0.3433  0.6768 0.4328       0.05
    6 0.8752  0.5165 0.4915     0.3901  0.6639 0.4651       0.05
    8 0.8727  0.5006 0.4363     0.3133  0.7184 0.4216       0.05
    9 0.8995  0.5580 0.5270     0.4282  0.6851 0.5019       0.11
   10 0.8922  0.5624 0.4591     0.3405  0.7045 0.4405       0.08
   11 0.8876  0.4966 0.4747     0.3613  0.6916 0.4531       0.66
   12 0.8864  0.4584 0.4389     0.3163  0.7165 0.4237       0.15

میانگین ± انحراف معیار:
AUC         : 0.8865 ± 0.0094
PR-AUC      : 0.5332 ± 0.0418
F1          : 0.4770 ± 0.0554
Precision   : 0.3726 ± 0.0922
Recall      : 0.6945 ± 0.0354
MCC         : 0.4575 ± 0.0516
threshold   : 0.1727 ± 0.2003

======================================================================
مقایسه‌ی آماری: FiLM+global در برابر GraphSAGE (۱۵ seed)
======================================================================

--- GraphSAGE (AUC) در برابر FiLM+global (AUC) ---
میانگین GraphSAGE (AUC): 0.8820   میانگین FiLM+global (AUC): 0.8865
میانگین تفاوت: -0.0045   t = -1.557   p = 0.1418
تفاوت از نظر آماری معنادار نیست، ممکنه فقط نویز seed باشه.

--- GraphSAGE (PR-AUC) در برابر FiLM+global (PR-AUC) ---
میانگین GraphSAGE (PR-AUC): 0.4677   میانگین FiLM+global (PR-AUC): 0.5332
میانگین تفاوت: -0.0655   t = -3.410   p = 0.0042
تفاوت از نظر آماری معنادار است، p کمتر از 0.05.

--- GraphSAGE (F1) در برابر FiLM+global (F1) ---
میانگین GraphSAGE (F1): 0.5245   میانگین FiLM+global (F1): 0.4770
میانگین تفاوت: 0.0475   t = 3.008   p = 0.0094
تفاوت از نظر آماری معنادار است، p کمتر از 0.05.

--- GraphSAGE (Precision) در برابر FiLM+global (Precision) ---
میانگین GraphSAGE (Precision): 0.5002   میانگین FiLM+global (Precision): 0.3726
میانگین تفاوت: 0.1276   t = 4.387   p = 0.0006
تفاوت از نظر آماری معنادار است، p کمتر از 0.05.

--- GraphSAGE (Recall) در برابر FiLM+global (Recall) ---
میانگین GraphSAGE (Recall): 0.5604   میانگین FiLM+global (Recall): 0.6945
میانگین تفاوت: -0.1341   t = -7.845   p = 0.0000
تفاوت از نظر آماری معنادار است، p کمتر از 0.05.

--- GraphSAGE (MCC) در برابر FiLM+global (MCC) ---
میانگین GraphSAGE (MCC): 0.4924   میانگین FiLM+global (MCC): 0.4575
میانگین تفاوت: 0.0349   t = 2.278   p = 0.0389
تفاوت از نظر آماری معنادار است، p کمتر از 0.05.

=== Triple Attention (raw, سه‌جریانی) — نتیجه روی 15 seed ===
 seed    AUC  PR-AUC     F1  Precision  Recall    MCC  threshold
   42 0.8730  0.4219 0.3900     0.2685  0.7119 0.3768       0.08
    1 0.8696  0.3304 0.3942     0.2882  0.6233 0.3662       0.06
    7 0.8471  0.3207 0.3700     0.2672  0.6011 0.3395       0.32
  123 0.8692  0.4730 0.4432     0.4396  0.4469 0.4042       0.09
 2024 0.8790  0.5080 0.4287     0.3180  0.6574 0.4044       0.93
    2 0.8858  0.4735 0.4899     0.4589  0.5254 0.4531       0.07
    3 0.8836  0.4633 0.4907     0.3994  0.6362 0.4610       0.22
    4 0.8688  0.3741 0.4244     0.3928  0.4617 0.3824       0.05
    5 0.8743  0.3936 0.4567     0.3679  0.6020 0.4240       0.12
    6 0.8599  0.3841 0.4185     0.3155  0.6214 0.3894       0.10
    8 0.8954  0.4326 0.5229     0.4387  0.6473 0.4937       0.34
    9 0.8744  0.3949 0.3931     0.2715  0.7119 0.3797       0.11
   10 0.8579  0.4045 0.4019     0.3275  0.5199 0.3612       0.05
   11 0.8668  0.3960 0.4165     0.3866  0.4515 0.3739       0.05
   12 0.8823  0.4803 0.4687     0.3566  0.6833 0.4462       0.12

میانگین ± انحراف معیار:
AUC         : 0.8725 ± 0.0121
PR-AUC      : 0.4167 ± 0.0550
F1          : 0.4340 ± 0.0440
Precision   : 0.3531 ± 0.0653
Recall      : 0.5934 ± 0.0909
MCC         : 0.4037 ± 0.0433
threshold   : 0.1807 ± 0.2273

======================================================================
مقایسه‌ی آماری: TripleAttention-raw در برابر GraphSAGE (۱۵ seed)
======================================================================

--- GraphSAGE (AUC) در برابر TripleAttention-raw (AUC) ---
میانگین GraphSAGE (AUC): 0.8820   میانگین TripleAttention-raw (AUC): 0.8725
میانگین تفاوت: 0.0095   t = 3.069   p = 0.0083
تفاوت از نظر آماری معنادار است، p کمتر از 0.05.

--- GraphSAGE (PR-AUC) در برابر TripleAttention-raw (PR-AUC) ---
میانگین GraphSAGE (PR-AUC): 0.4677   میانگین TripleAttention-raw (PR-AUC): 0.4167
میانگین تفاوت: 0.0509   t = 2.695   p = 0.0174
تفاوت از نظر آماری معنادار است، p کمتر از 0.05.

--- GraphSAGE (F1) در برابر TripleAttention-raw (F1) ---
میانگین GraphSAGE (F1): 0.5245   میانگین TripleAttention-raw (F1): 0.4340
میانگین تفاوت: 0.0906   t = 6.236   p = 0.0000
تفاوت از نظر آماری معنادار است، p کمتر از 0.05.

--- GraphSAGE (Precision) در برابر TripleAttention-raw (Precision) ---
میانگین GraphSAGE (Precision): 0.5002   میانگین TripleAttention-raw (Precision): 0.3531
میانگین تفاوت: 0.1471   t = 6.305   p = 0.0000
تفاوت از نظر آماری معنادار است، p کمتر از 0.05.

--- GraphSAGE (Recall) در برابر TripleAttention-raw (Recall) ---
میانگین GraphSAGE (Recall): 0.5604   میانگین TripleAttention-raw (Recall): 0.5934
میانگین تفاوت: -0.0331   t = -1.533   p = 0.1476
تفاوت از نظر آماری معنادار نیست، ممکنه فقط نویز seed باشه.

--- GraphSAGE (MCC) در برابر TripleAttention-raw (MCC) ---
میانگین GraphSAGE (MCC): 0.4924   میانگین TripleAttention-raw (MCC): 0.4037
میانگین تفاوت: 0.0887   t = 6.058   p = 0.0000
تفاوت از نظر آماری معنادار است، p کمتر از 0.05.

[یادداشت: این بخشی از خروجی ران قبلیه که توسط کاربر پیست شده و ثبت شد. توجه: طبق کد،
RUN_ONLY فقط شامل TripleAttention-structural+temporal, TripleAttention-structural+global,
و Hybrid بود، پس این خروجی مربوط به یه اجرای قدیمی‌تر با RUN_ONLY گسترده‌تر (شامل
GCN, GAT, Skip-GCN, FiLM+global, TripleAttention-raw) بوده، نه اجرای فعلی اسکریپت.]
