[این اجرا هم‌زمان توی این فایل ذخیره می‌شه: run-logs\elliptic_09_20260926_164547.log]
D:\fraud-detection-gnn-clean\.venv\Lib\site-packages\torch\jit\_script.py:1485: FutureWarning: `torch.jit.script` is not supported in Python 3.14+ and may break. Please switch to `torch.compile` or `torch.export`.
  warnings.warn(
Using device: cpu

=== structural+global فقط (اصلاح‌شده) — نتیجه روی 15 seed ===
 seed    AUC  PR-AUC     F1  Precision  Recall    MCC  threshold
   42 0.8739  0.4628 0.4798     0.4631  0.4977 0.4425       0.11
    1 0.7275  0.1534 0.1334     0.1698  0.1099 0.0891       0.05
    7 0.8450  0.3218 0.3789     0.3986  0.3610 0.3385       0.05
  123 0.8520  0.4058 0.3991     0.3142  0.5466 0.3610       0.18
 2024 0.8115  0.1778 0.2354     0.2067  0.2733 0.1763       0.07
    2 0.8501  0.4547 0.4617     0.4408  0.4848 0.4230       0.06
    3 0.8597  0.3343 0.3814     0.3099  0.4958 0.3385       0.05
    4 0.7788  0.1669 0.2175     0.2079  0.2281 0.1607       0.07
    5 0.8487  0.4476 0.4131     0.3203  0.5817 0.3789       0.06
    6 0.8124  0.2417 0.3171     0.2789  0.3675 0.2656       0.05
    8 0.8153  0.2799 0.3235     0.2656  0.4137 0.2731       0.05
    9 0.8302  0.3640 0.3847     0.4602  0.3306 0.3548       0.13
   10 0.8664  0.4558 0.4517     0.4207  0.4875 0.4118       0.18
   11 0.8557  0.4153 0.4057     0.3532  0.4765 0.3624       0.10
   12 0.7977  0.2123 0.2269     0.2810  0.1902 0.1880       0.05

میانگین ± انحراف معیار:
AUC         : 0.8283 ± 0.0390
PR-AUC      : 0.3263 ± 0.1140
F1          : 0.3473 ± 0.1023
Precision   : 0.3260 ± 0.0948
Recall      : 0.3897 ± 0.1398
MCC         : 0.3043 ± 0.1073
threshold   : 0.0840 ± 0.0463

======================================================================
مقایسه‌ی آماری: TripleAttention-structural+global در برابر GraphSAGE (۱۵ seed)
======================================================================

--- GraphSAGE (AUC) در برابر TripleAttention-structural+global (AUC) ---
میانگین GraphSAGE (AUC): 0.8820   میانگین TripleAttention-structural+global (AUC): 0.8283
میانگین تفاوت: 0.0537   t = 5.080   p = 0.0002
تفاوت از نظر آماری معنادار است، p کمتر از 0.05.

--- GraphSAGE (PR-AUC) در برابر TripleAttention-structural+global (PR-AUC) ---
میانگین GraphSAGE (PR-AUC): 0.4677   میانگین TripleAttention-structural+global (PR-AUC): 0.3263
میانگین تفاوت: 0.1414   t = 4.294   p = 0.0007
تفاوت از نظر آماری معنادار است، p کمتر از 0.05.

--- GraphSAGE (F1) در برابر TripleAttention-structural+global (F1) ---
میانگین GraphSAGE (F1): 0.5245   میانگین TripleAttention-structural+global (F1): 0.3473
میانگین تفاوت: 0.1772   t = 5.828   p = 0.0000
تفاوت از نظر آماری معنادار است، p کمتر از 0.05.

--- GraphSAGE (Precision) در برابر TripleAttention-structural+global (Precision) ---
میانگین GraphSAGE (Precision): 0.5002   میانگین TripleAttention-structural+global (Precision): 0.3260
میانگین تفاوت: 0.1742   t = 5.867   p = 0.0000
تفاوت از نظر آماری معنادار است، p کمتر از 0.05.

--- GraphSAGE (Recall) در برابر TripleAttention-structural+global (Recall) ---
میانگین GraphSAGE (Recall): 0.5604   میانگین TripleAttention-structural+global (Recall): 0.3897
میانگین تفاوت: 0.1707   t = 4.070   p = 0.0011
تفاوت از نظر آماری معنادار است، p کمتر از 0.05.

--- GraphSAGE (MCC) در برابر TripleAttention-structural+global (MCC) ---
میانگین GraphSAGE (MCC): 0.4924   میانگین TripleAttention-structural+global (MCC): 0.3043
میانگین تفاوت: 0.1882   t = 5.943   p = 0.0000
تفاوت از نظر آماری معنادار است، p کمتر از 0.05.

=== Hybrid (GraphSAGE+XGBoost) — نتیجه روی 15 seed ===
 seed    AUC  PR-AUC     F1  Precision  Recall    MCC  threshold
   42 0.9345  0.7884 0.7457     0.7762  0.7175 0.7294       0.38
    1 0.9372  0.7868 0.7544     0.8231  0.6962 0.7418       0.52
    7 0.9316  0.7870 0.7654     0.8458  0.6990 0.7546       0.55
  123 0.9432  0.7889 0.7703     0.8889  0.6796 0.7643       0.68
 2024 0.9340  0.7867 0.7543     0.8080  0.7073 0.7403       0.52
    2 0.9397  0.7855 0.7528     0.8219  0.6944 0.7401       0.48
    3 0.9327  0.7823 0.7665     0.8512  0.6971 0.7562       0.48
    4 0.9328  0.7791 0.7668     0.8737  0.6833 0.7591       0.60
    5 0.9370  0.7860 0.7629     0.8344  0.7027 0.7511       0.49
    6 0.9366  0.7905 0.7747     0.8646  0.7018 0.7655       0.52
    8 0.9291  0.7836 0.7349     0.7471  0.7230 0.7169       0.37
    9 0.9354  0.7858 0.7586     0.8372  0.6934 0.7472       0.53
   10 0.9373  0.7835 0.7295     0.7532  0.7073 0.7118       0.39
   11 0.9388  0.7887 0.7684     0.8703  0.6879 0.7602       0.60
   12 0.9367  0.7875 0.7633     0.8394  0.6999 0.7520       0.56

میانگین ± انحراف معیار:
AUC         : 0.9358 ± 0.0035
PR-AUC      : 0.7860 ± 0.0029
F1          : 0.7579 ± 0.0130
Precision   : 0.8290 ± 0.0425
Recall      : 0.6994 ± 0.0116
MCC         : 0.7460 ± 0.0163
threshold   : 0.5113 ± 0.0858

======================================================================
مقایسه‌ی آماری: Hybrid در برابر GraphSAGE (۱۵ seed)
======================================================================

--- GraphSAGE (AUC) در برابر Hybrid (AUC) ---
میانگین GraphSAGE (AUC): 0.8820   میانگین Hybrid (AUC): 0.9358
میانگین تفاوت: -0.0538   t = -23.206   p = 0.0000
تفاوت از نظر آماری معنادار است، p کمتر از 0.05.

--- GraphSAGE (PR-AUC) در برابر Hybrid (PR-AUC) ---
میانگین GraphSAGE (PR-AUC): 0.4677   میانگین Hybrid (PR-AUC): 0.7860
میانگین تفاوت: -0.3183   t = -24.939   p = 0.0000
تفاوت از نظر آماری معنادار است، p کمتر از 0.05.

--- GraphSAGE (F1) در برابر Hybrid (F1) ---
میانگین GraphSAGE (F1): 0.5245   میانگین Hybrid (F1): 0.7579
میانگین تفاوت: -0.2334   t = -25.506   p = 0.0000
تفاوت از نظر آماری معنادار است، p کمتر از 0.05.

--- GraphSAGE (Precision) در برابر Hybrid (Precision) ---
میانگین GraphSAGE (Precision): 0.5002   میانگین Hybrid (Precision): 0.8290
میانگین تفاوت: -0.3288   t = -17.207   p = 0.0000
تفاوت از نظر آماری معنادار است، p کمتر از 0.05.

--- GraphSAGE (Recall) در برابر Hybrid (Recall) ---
میانگین GraphSAGE (Recall): 0.5604   میانگین Hybrid (Recall): 0.6994
میانگین تفاوت: -0.1390   t = -9.467   p = 0.0000
تفاوت از نظر آماری معنادار است، p کمتر از 0.05.

--- GraphSAGE (MCC) در برابر Hybrid (MCC) ---
میانگین GraphSAGE (MCC): 0.4924   میانگین Hybrid (MCC): 0.7460
میانگین تفاوت: -0.2536   t = -25.751   p = 0.0000
تفاوت از نظر آماری معنادار است، p کمتر از 0.05.

======================================================================
جدول نهایی مقایسه‌ی همه‌ی معماری‌ها در برابر GraphSAGE
======================================================================
                     architecture    metric  mean_graphsage  mean_variant  mean_diff   t_stat  p_value  significant_at_0.05 graphsage_win_ratio
TripleAttention-structural+global       AUC          0.8820        0.8283     0.0537   5.0800   0.0002                 True               14/15
TripleAttention-structural+global    PR-AUC          0.4677        0.3263     0.1414   4.2938   0.0007                 True               12/15
TripleAttention-structural+global        F1          0.5245        0.3473     0.1772   5.8285   0.0000                 True               13/15
TripleAttention-structural+global Precision          0.5002        0.3260     0.1742   5.8671   0.0000                 True               13/15
TripleAttention-structural+global    Recall          0.5604        0.3897     0.1707   4.0699   0.0011                 True               13/15
TripleAttention-structural+global       MCC          0.4924        0.3043     0.1882   5.9428   0.0000                 True               13/15
                           Hybrid       AUC          0.8820        0.9358    -0.0538 -23.2064   0.0000                 True                0/15
                           Hybrid    PR-AUC          0.4677        0.7860    -0.3183 -24.9389   0.0000                 True                0/15
                           Hybrid        F1          0.5245        0.7579    -0.2334 -25.5063   0.0000                 True                0/15
                           Hybrid Precision          0.5002        0.8290    -0.3288 -17.2066   0.0000                 True                0/15
                           Hybrid    Recall          0.5604        0.6994    -0.1390  -9.4666   0.0000                 True                0/15
                           Hybrid       MCC          0.4924        0.7460    -0.2536 -25.7513   0.0000                 True                0/15
