[این اجرا هم‌زمان توی این فایل ذخیره می‌شه: run-logs\elliptic_11_20260927_181126.log]
Using device: cpu
seed=   42  F1=0.7598  AUC=0.9350  threshold=0.52
seed=    1  F1=0.7598  AUC=0.9350  threshold=0.52
seed=    7  F1=0.7598  AUC=0.9350  threshold=0.52
seed=  123  F1=0.7598  AUC=0.9350  threshold=0.52
seed= 2024  F1=0.7598  AUC=0.9350  threshold=0.52
seed=    2  F1=0.7598  AUC=0.9350  threshold=0.52
seed=    3  F1=0.7598  AUC=0.9350  threshold=0.52
seed=    4  F1=0.7598  AUC=0.9350  threshold=0.52
seed=    5  F1=0.7598  AUC=0.9350  threshold=0.52
seed=    6  F1=0.7598  AUC=0.9350  threshold=0.52
seed=    8  F1=0.7598  AUC=0.9350  threshold=0.52
seed=    9  F1=0.7598  AUC=0.9350  threshold=0.52
seed=   10  F1=0.7598  AUC=0.9350  threshold=0.52
seed=   11  F1=0.7598  AUC=0.9350  threshold=0.52
seed=   12  F1=0.7598  AUC=0.9350  threshold=0.52

ذخیره شد: outputs/metrics/elliptic_xgboost_raw_only_15seed_results.csv

======================================================================
XGBoost (raw only) در برابر GraphSAGE
======================================================================

--- xgb_raw (AUC) در برابر graphsage (AUC) ---
میانگین xgb_raw (AUC): 0.9350   میانگین graphsage (AUC): 0.8820
میانگین تفاوت: 0.0530   t = 27.267   p = 0.0000
تفاوت از نظر آماری معنادار است، p کمتر از 0.05.

--- xgb_raw (PR-AUC) در برابر graphsage (PR-AUC) ---
میانگین xgb_raw (PR-AUC): 0.7872   میانگین graphsage (PR-AUC): 0.4677
میانگین تفاوت: 0.3195   t = 25.311   p = 0.0000
تفاوت از نظر آماری معنادار است، p کمتر از 0.05.

--- xgb_raw (F1) در برابر graphsage (F1) ---
میانگین xgb_raw (F1): 0.7598   میانگین graphsage (F1): 0.5245
میانگین تفاوت: 0.2353   t = 24.245   p = 0.0000
تفاوت از نظر آماری معنادار است، p کمتر از 0.05.

--- xgb_raw (Precision) در برابر graphsage (Precision) ---
میانگین xgb_raw (Precision): 0.8194   میانگین graphsage (Precision): 0.5002
میانگین تفاوت: 0.3192   t = 19.159   p = 0.0000
تفاوت از نظر آماری معنادار است، p کمتر از 0.05.

--- xgb_raw (Recall) در برابر graphsage (Recall) ---
میانگین xgb_raw (Recall): 0.7082   میانگین graphsage (Recall): 0.5604
میانگین تفاوت: 0.1479   t = 10.554   p = 0.0000
تفاوت از نظر آماری معنادار است، p کمتر از 0.05.

--- xgb_raw (MCC) در برابر graphsage (MCC) ---
میانگین xgb_raw (MCC): 0.7466   میانگین graphsage (MCC): 0.4924
میانگین تفاوت: 0.2542   t = 24.401   p = 0.0000
تفاوت از نظر آماری معنادار است، p کمتر از 0.05.

======================================================================
XGBoost (raw only) در برابر Hybrid (GraphSAGE+XGBoost)
======================================================================

--- xgb_raw (AUC) در برابر hybrid (AUC) ---
میانگین xgb_raw (AUC): 0.9350   میانگین hybrid (AUC): 0.9358
میانگین تفاوت: -0.0008   t = -0.841   p = 0.4146
تفاوت از نظر آماری معنادار نیست، ممکنه فقط نویز seed باشه.

--- xgb_raw (PR-AUC) در برابر hybrid (PR-AUC) ---
میانگین xgb_raw (PR-AUC): 0.7872   میانگین hybrid (PR-AUC): 0.7860
میانگین تفاوت: 0.0012   t = 1.545   p = 0.1447
تفاوت از نظر آماری معنادار نیست، ممکنه فقط نویز seed باشه.

--- xgb_raw (F1) در برابر hybrid (F1) ---
میانگین xgb_raw (F1): 0.7598   میانگین hybrid (F1): 0.7579
میانگین تفاوت: 0.0019   t = 0.562   p = 0.5830
تفاوت از نظر آماری معنادار نیست، ممکنه فقط نویز seed باشه.

--- xgb_raw (Precision) در برابر hybrid (Precision) ---
میانگین xgb_raw (Precision): 0.8194   میانگین hybrid (Precision): 0.8290
میانگین تفاوت: -0.0096   t = -0.872   p = 0.3981
تفاوت از نظر آماری معنادار نیست، ممکنه فقط نویز seed باشه.

--- xgb_raw (Recall) در برابر hybrid (Recall) ---
میانگین xgb_raw (Recall): 0.7082   میانگین hybrid (Recall): 0.6994
میانگین تفاوت: 0.0089   t = 2.960   p = 0.0103
تفاوت از نظر آماری معنادار است، p کمتر از 0.05.

--- xgb_raw (MCC) در برابر hybrid (MCC) ---
میانگین xgb_raw (MCC): 0.7466   میانگین hybrid (MCC): 0.7460
میانگین تفاوت: 0.0006   t = 0.144   p = 0.8879
تفاوت از نظر آماری معنادار نیست، ممکنه فقط نویز seed باشه.

======================================================================
جدول نهایی
======================================================================
                                            comparison    metric  mean_xgb_raw  mean_graphsage  mean_diff  t_stat  p_value  significant_at_0.05 xgb_raw_win_ratio  mean_hybrid
                 XGBoost (raw only) در برابر GraphSAGE       AUC        0.9350          0.8820     0.0530 27.2670   0.0000                 True             15/15          NaN
                 XGBoost (raw only) در برابر GraphSAGE    PR-AUC        0.7872          0.4677     0.3195 25.3109   0.0000                 True             15/15          NaN
                 XGBoost (raw only) در برابر GraphSAGE        F1        0.7598          0.5245     0.2353 24.2452   0.0000                 True             15/15          NaN
                 XGBoost (raw only) در برابر GraphSAGE Precision        0.8194          0.5002     0.3192 19.1594   0.0000                 True             15/15          NaN
                 XGBoost (raw only) در برابر GraphSAGE    Recall        0.7082          0.5604     0.1479 10.5539   0.0000                 True             15/15          NaN
                 XGBoost (raw only) در برابر GraphSAGE       MCC        0.7466          0.4924     0.2542 24.4014   0.0000                 True             15/15          NaN
XGBoost (raw only) در برابر Hybrid (GraphSAGE+XGBoost)       AUC        0.9350             NaN    -0.0008 -0.8407   0.4146                False              6/15       0.9358
XGBoost (raw only) در برابر Hybrid (GraphSAGE+XGBoost)    PR-AUC        0.7872             NaN     0.0012  1.5449   0.1447                False             10/15       0.7860
XGBoost (raw only) در برابر Hybrid (GraphSAGE+XGBoost)        F1        0.7598             NaN     0.0019  0.5619   0.5830                False              7/15       0.7579
XGBoost (raw only) در برابر Hybrid (GraphSAGE+XGBoost) Precision        0.8194             NaN    -0.0096 -0.8716   0.3981                False              4/15       0.8290
XGBoost (raw only) در برابر Hybrid (GraphSAGE+XGBoost)    Recall        0.7082             NaN     0.0089  2.9595   0.0103                 True             13/15       0.6994
XGBoost (raw only) در برابر Hybrid (GraphSAGE+XGBoost)       MCC        0.7466             NaN     0.0006  0.1435   0.8879                False              6/15       0.7460
