[این اجرا هم‌زمان توی این فایل ذخیره می‌شه: run-logs\samld_14_20260926_220611.log]
D:\fraud-detection-gnn-clean\.venv\Lib\site-packages\torch\jit\_script.py:1485: FutureWarning: `torch.jit.script` is not supported in Python 3.14+ and may break. Please switch to `torch.compile` or `torch.export`.
  warnings.warn(
Using device: cpu
Loading real SAML-D v3 data...
seed=   42  F1=0.1012  AUC=0.7564  threshold=0.70
seed=    1  F1=0.0456  AUC=0.8271  threshold=0.68
seed=    7  F1=0.0475  AUC=0.7910  threshold=0.94
seed=  123  F1=0.0494  AUC=0.8052  threshold=0.47
seed= 2024  F1=0.0501  AUC=0.7757  threshold=0.66
seed=    2  F1=0.0795  AUC=0.7354  threshold=0.87
seed=    3  F1=0.0696  AUC=0.7756  threshold=0.87
seed=    4  F1=0.0564  AUC=0.7878  threshold=0.93
seed=    5  F1=0.0615  AUC=0.7810  threshold=0.94
seed=    6  F1=0.0428  AUC=0.8003  threshold=0.73
seed=    8  F1=0.0438  AUC=0.8207  threshold=0.86
seed=    9  F1=0.0358  AUC=0.8045  threshold=0.95
seed=   10  F1=0.1494  AUC=0.7719  threshold=0.95
seed=   11  F1=0.1486  AUC=0.7875  threshold=0.87
seed=   12  F1=0.0442  AUC=0.7871  threshold=0.78

میانگین ± انحراف معیار (بازتولیدشده از checkpoint ها):
AUC         : 0.7872 ± 0.0234
PR-AUC      : 0.0340 ± 0.0202
F1          : 0.0684 ± 0.0368
Precision   : 0.0538 ± 0.0568
Recall      : 0.2454 ± 0.0919
MCC         : 0.0836 ± 0.0296
threshold   : 0.8133 ± 0.1401

ذخیره شد: outputs/metrics/samld_graphsage_binary_15seed_results.csv

======================================================================
GraphSAGE در برابر LR بدون گراف (۱۵ seed، SAML-D دوتایی)
======================================================================

--- GraphSAGE (AUC) در برابر LR بدون گراف (AUC) ---
میانگین GraphSAGE (AUC): 0.7872   میانگین LR بدون گراف (AUC): 0.7839
میانگین تفاوت: 0.0032   t = 0.532   p = 0.6033
تفاوت از نظر آماری معنادار نیست، ممکنه فقط نویز seed باشه.

--- GraphSAGE (PR-AUC) در برابر LR بدون گراف (PR-AUC) ---
میانگین GraphSAGE (PR-AUC): 0.0340   میانگین LR بدون گراف (PR-AUC): 0.0206
میانگین تفاوت: 0.0135   t = 2.579   p = 0.0218
تفاوت از نظر آماری معنادار است، p کمتر از 0.05.

--- GraphSAGE (F1) در برابر LR بدون گراف (F1) ---
میانگین GraphSAGE (F1): 0.0684   میانگین LR بدون گراف (F1): 0.0397
میانگین تفاوت: 0.0287   t = 3.020   p = 0.0092
تفاوت از نظر آماری معنادار است، p کمتر از 0.05.

--- GraphSAGE (Precision) در برابر LR بدون گراف (Precision) ---
میانگین GraphSAGE (Precision): 0.0538   میانگین LR بدون گراف (Precision): 0.0204
میانگین تفاوت: 0.0334   t = 2.277   p = 0.0390
تفاوت از نظر آماری معنادار است، p کمتر از 0.05.

--- GraphSAGE (Recall) در برابر LR بدون گراف (Recall) ---
میانگین GraphSAGE (Recall): 0.2454   میانگین LR بدون گراف (Recall): 0.7169
میانگین تفاوت: -0.4715   t = -19.864   p = 0.0000
تفاوت از نظر آماری معنادار است، p کمتر از 0.05.

--- GraphSAGE (MCC) در برابر LR بدون گراف (MCC) ---
میانگین GraphSAGE (MCC): 0.0836   میانگین LR بدون گراف (MCC): 0.0968
میانگین تفاوت: -0.0132   t = -1.729   p = 0.1058
تفاوت از نظر آماری معنادار نیست، ممکنه فقط نویز seed باشه.

======================================================================
GraphSAGE در برابر RF بدون گراف (۱۵ seed، SAML-D دوتایی)
======================================================================

--- GraphSAGE (AUC) در برابر RF بدون گراف (AUC) ---
میانگین GraphSAGE (AUC): 0.7872   میانگین RF بدون گراف (AUC): 0.7766
میانگین تفاوت: 0.0105   t = 1.740   p = 0.1037
تفاوت از نظر آماری معنادار نیست، ممکنه فقط نویز seed باشه.

--- GraphSAGE (PR-AUC) در برابر RF بدون گراف (PR-AUC) ---
میانگین GraphSAGE (PR-AUC): 0.0340   میانگین RF بدون گراف (PR-AUC): 0.0199
میانگین تفاوت: 0.0142   t = 2.706   p = 0.0171
تفاوت از نظر آماری معنادار است، p کمتر از 0.05.

--- GraphSAGE (F1) در برابر RF بدون گراف (F1) ---
میانگین GraphSAGE (F1): 0.0684   میانگین RF بدون گراف (F1): 0.0447
میانگین تفاوت: 0.0236   t = 2.496   p = 0.0257
تفاوت از نظر آماری معنادار است، p کمتر از 0.05.

--- GraphSAGE (Precision) در برابر RF بدون گراف (Precision) ---
میانگین GraphSAGE (Precision): 0.0538   میانگین RF بدون گراف (Precision): 0.0239
میانگین تفاوت: 0.0299   t = 2.049   p = 0.0597
تفاوت از نظر آماری معنادار نیست، ممکنه فقط نویز seed باشه.

--- GraphSAGE (Recall) در برابر RF بدون گراف (Recall) ---
میانگین GraphSAGE (Recall): 0.2454   میانگین RF بدون گراف (Recall): 0.3552
میانگین تفاوت: -0.1098   t = -5.167   p = 0.0001
تفاوت از نظر آماری معنادار است، p کمتر از 0.05.

--- GraphSAGE (MCC) در برابر RF بدون گراف (MCC) ---
میانگین GraphSAGE (MCC): 0.0836   میانگین RF بدون گراف (MCC): 0.0726
میانگین تفاوت: 0.0110   t = 1.329   p = 0.2052
تفاوت از نظر آماری معنادار نیست، ممکنه فقط نویز seed باشه.

======================================================================
جدول نهایی
======================================================================
    baseline    metric  mean_graphsage  mean_baseline  mean_diff   t_stat  p_value  significant_at_0.05 graphsage_win_ratio
LR بدون گراف       AUC          0.7872         0.7839     0.0032   0.5316   0.6033                False                9/15
LR بدون گراف    PR-AUC          0.0340         0.0206     0.0135   2.5794   0.0218                 True               10/15
LR بدون گراف        F1          0.0684         0.0397     0.0287   3.0204   0.0092                 True               14/15
LR بدون گراف Precision          0.0538         0.0204     0.0334   2.2774   0.0390                 True               14/15
LR بدون گراف    Recall          0.2454         0.7169    -0.4715 -19.8637   0.0000                 True                0/15
LR بدون گراف       MCC          0.0836         0.0968    -0.0132  -1.7290   0.1058                False                3/15
RF بدون گراف       AUC          0.7872         0.7766     0.0105   1.7404   0.1037                False               11/15
RF بدون گراف    PR-AUC          0.0340         0.0199     0.0142   2.7057   0.0171                 True               11/15
RF بدون گراف        F1          0.0684         0.0447     0.0236   2.4961   0.0257                 True               12/15
RF بدون گراف Precision          0.0538         0.0239     0.0299   2.0488   0.0597                False               12/15
RF بدون گراف    Recall          0.2454         0.3552    -0.1098  -5.1667   0.0001                 True                2/15
RF بدون گراف       MCC          0.0836         0.0726     0.0110   1.3286   0.2052                False                8/15
