[این اجرا هم‌زمان توی این فایل ذخیره می‌شه: run-logs\samld_16_20260927_220722.log]
Using device: cpu
Loading real SAML-D v3 data...
seed=   42  F1=0.0468  AUC=0.7616  threshold=0.88
seed=    1  F1=0.0468  AUC=0.7616  threshold=0.88
seed=    7  F1=0.0468  AUC=0.7616  threshold=0.88
seed=  123  F1=0.0468  AUC=0.7616  threshold=0.88
seed= 2024  F1=0.0468  AUC=0.7616  threshold=0.88
seed=    2  F1=0.0468  AUC=0.7616  threshold=0.88
seed=    3  F1=0.0468  AUC=0.7616  threshold=0.88
seed=    4  F1=0.0468  AUC=0.7616  threshold=0.88
seed=    5  F1=0.0468  AUC=0.7616  threshold=0.88
seed=    6  F1=0.0468  AUC=0.7616  threshold=0.88
seed=    8  F1=0.0468  AUC=0.7616  threshold=0.88
seed=    9  F1=0.0468  AUC=0.7616  threshold=0.88
seed=   10  F1=0.0468  AUC=0.7616  threshold=0.88
seed=   11  F1=0.0468  AUC=0.7616  threshold=0.88
seed=   12  F1=0.0468  AUC=0.7616  threshold=0.88

ذخیره شد: outputs/metrics/samld_xgboost_raw_only_15seed_results.csv

======================================================================
XGBoost (raw only) در برابر GraphSAGE — SAML-D
======================================================================

--- xgb_raw (AUC) در برابر graphsage (AUC) ---
میانگین xgb_raw (AUC): 0.7616   میانگین graphsage (AUC): 0.7872
میانگین تفاوت: -0.0255   t = -4.220   p = 0.0009
تفاوت از نظر آماری معنادار است، p کمتر از 0.05.

--- xgb_raw (PR-AUC) در برابر graphsage (PR-AUC) ---
میانگین xgb_raw (PR-AUC): 0.0215   میانگین graphsage (PR-AUC): 0.0340
میانگین تفاوت: -0.0125   t = -2.401   p = 0.0308
تفاوت از نظر آماری معنادار است، p کمتر از 0.05.

--- xgb_raw (F1) در برابر graphsage (F1) ---
میانگین xgb_raw (F1): 0.0468   میانگین graphsage (F1): 0.0684
میانگین تفاوت: -0.0215   t = -2.269   p = 0.0396
تفاوت از نظر آماری معنادار است، p کمتر از 0.05.

--- xgb_raw (Precision) در برابر graphsage (Precision) ---
میانگین xgb_raw (Precision): 0.0256   میانگین graphsage (Precision): 0.0538
میانگین تفاوت: -0.0282   t = -1.923   p = 0.0750
تفاوت از نظر آماری معنادار نیست، ممکنه فقط نویز seed باشه.

--- xgb_raw (Recall) در برابر graphsage (Recall) ---
میانگین xgb_raw (Recall): 0.2731   میانگین graphsage (Recall): 0.2454
میانگین تفاوت: 0.0277   t = 1.167   p = 0.2625
تفاوت از نظر آماری معنادار نیست، ممکنه فقط نویز seed باشه.

--- xgb_raw (MCC) در برابر graphsage (MCC) ---
میانگین xgb_raw (MCC): 0.0666   میانگین graphsage (MCC): 0.0836
میانگین تفاوت: -0.0169   t = -2.218   p = 0.0436
تفاوت از نظر آماری معنادار است، p کمتر از 0.05.

======================================================================
XGBoost (raw only) در برابر Hybrid — SAML-D
======================================================================

--- xgb_raw (AUC) در برابر hybrid (AUC) ---
میانگین xgb_raw (AUC): 0.7616   میانگین hybrid (AUC): 0.8555
میانگین تفاوت: -0.0939   t = -40.244   p = 0.0000
تفاوت از نظر آماری معنادار است، p کمتر از 0.05.

--- xgb_raw (PR-AUC) در برابر hybrid (PR-AUC) ---
میانگین xgb_raw (PR-AUC): 0.0215   میانگین hybrid (PR-AUC): 0.0368
میانگین تفاوت: -0.0153   t = -14.105   p = 0.0000
تفاوت از نظر آماری معنادار است، p کمتر از 0.05.

--- xgb_raw (F1) در برابر hybrid (F1) ---
میانگین xgb_raw (F1): 0.0468   میانگین hybrid (F1): 0.0682
میانگین تفاوت: -0.0214   t = -8.040   p = 0.0000
تفاوت از نظر آماری معنادار است، p کمتر از 0.05.

--- xgb_raw (Precision) در برابر hybrid (Precision) ---
میانگین xgb_raw (Precision): 0.0256   میانگین hybrid (Precision): 0.0425
میانگین تفاوت: -0.0169   t = -6.899   p = 0.0000
تفاوت از نظر آماری معنادار است، p کمتر از 0.05.

--- xgb_raw (Recall) در برابر hybrid (Recall) ---
میانگین xgb_raw (Recall): 0.2731   میانگین hybrid (Recall): 0.2203
میانگین تفاوت: 0.0527   t = 2.136   p = 0.0508
تفاوت از نظر آماری معنادار نیست، ممکنه فقط نویز seed باشه.

--- xgb_raw (MCC) در برابر hybrid (MCC) ---
میانگین xgb_raw (MCC): 0.0666   میانگین hybrid (MCC): 0.0811
میانگین تفاوت: -0.0144   t = -4.206   p = 0.0009
تفاوت از نظر آماری معنادار است، p کمتر از 0.05.

======================================================================
جدول نهایی
======================================================================
                                    comparison    metric  mean_xgb_raw  mean_graphsage  mean_diff   t_stat  p_value  significant_at_0.05 xgb_raw_win_ratio  mean_hybrid
XGBoost (raw only) در برابر GraphSAGE — SAML-D       AUC        0.7616          0.7872    -0.0255  -4.2203   0.0009                 True              2/15          NaN
XGBoost (raw only) در برابر GraphSAGE — SAML-D    PR-AUC        0.0215          0.0340    -0.0125  -2.4009   0.0308                 True              5/15          NaN
XGBoost (raw only) در برابر GraphSAGE — SAML-D        F1        0.0468          0.0684    -0.0215  -2.2686   0.0396                 True              5/15          NaN
XGBoost (raw only) در برابر GraphSAGE — SAML-D Precision        0.0256          0.0538    -0.0282  -1.9232   0.0750                False              5/15          NaN
XGBoost (raw only) در برابر GraphSAGE — SAML-D    Recall        0.2731          0.2454     0.0277   1.1675   0.2625                False              9/15          NaN
XGBoost (raw only) در برابر GraphSAGE — SAML-D       MCC        0.0666          0.0836    -0.0169  -2.2184   0.0436                 True              4/15          NaN
   XGBoost (raw only) در برابر Hybrid — SAML-D       AUC        0.7616             NaN    -0.0939 -40.2438   0.0000                 True              0/15       0.8555
   XGBoost (raw only) در برابر Hybrid — SAML-D    PR-AUC        0.0215             NaN    -0.0153 -14.1053   0.0000                 True              0/15       0.0368
   XGBoost (raw only) در برابر Hybrid — SAML-D        F1        0.0468             NaN    -0.0214  -8.0397   0.0000                 True              0/15       0.0682
   XGBoost (raw only) در برابر Hybrid — SAML-D Precision        0.0256             NaN    -0.0169  -6.8988   0.0000                 True              0/15       0.0425
   XGBoost (raw only) در برابر Hybrid — SAML-D    Recall        0.2731             NaN     0.0527   2.1358   0.0508                False             12/15       0.2203
   XGBoost (raw only) در برابر Hybrid — SAML-D       MCC        0.0666             NaN    -0.0144  -4.2055   0.0009                 True              3/15       0.0811
